// Jest Snapshot v1, https://goo.gl/fbAQLP

exports[`Calculator component rendered 1`] = `
<div
  className="calc-body"
>
  <h3>
    Lets do some math!
  </h3>
  <div
    className="calculator-container"
  >
    <div
      className="grid-item result"
    >
      0
    </div>
    <div
      className="grid-item"
    >
      <button
        onClick={[Function]}
        type="button"
      >
        AC
      </button>
    </div>
    <div
      className="grid-item"
    >
      <button
        onClick={[Function]}
        type="button"
      >
        +/-
      </button>
    </div>
    <div
      className="grid-item"
    >
      <button
        onClick={[Function]}
        type="button"
      >
        %
      </button>
    </div>
    <div
      className="grid-item operator-item"
    >
      <button
        onClick={[Function]}
        type="button"
      >
        รท
      </button>
    </div>
    <div
      className="grid-item"
    >
      <button
        onClick={[Function]}
        type="button"
      >
        7
      </button>
    </div>
    <div
      className="grid-item"
    >
      <button
        onClick={[Function]}
        type="button"
      >
        8
      </button>
    </div>
    <div
      className="grid-item"
    >
      <button
        onClick={[Function]}
        type="button"
      >
        9
      </button>
    </div>
    <div
      className="grid-item operator-item"
    >
      <button
        onClick={[Function]}
        type="button"
      >
        x
      </button>
    </div>
    <div
      className="grid-item"
    >
      <button
        onClick={[Function]}
        type="button"
      >
        4
      </button>
    </div>
    <div
      className="grid-item"
    >
      <button
        onClick={[Function]}
        type="button"
      >
        5
      </button>
    </div>
    <div
      className="grid-item"
    >
      <button
        onClick={[Function]}
        type="button"
      >
        6
      </button>
    </div>
    <div
      className="grid-item operator-item"
    >
      <button
        onClick={[Function]}
        type="button"
      >
        -
      </button>
    </div>
    <div
      className="grid-item"
    >
      <button
        onClick={[Function]}
        type="button"
      >
        1
      </button>
    </div>
    <div
      className="grid-item"
    >
      <button
        onClick={[Function]}
        type="button"
      >
        2
      </button>
    </div>
    <div
      className="grid-item"
    >
      <button
        onClick={[Function]}
        type="button"
      >
        3
      </button>
    </div>
    <div
      className="grid-item operator-item"
    >
      <button
        onClick={[Function]}
        type="button"
      >
        +
      </button>
    </div>
    <div
      className="grid-item zero"
    >
      <button
        onClick={[Function]}
        type="button"
      >
        0
      </button>
    </div>
    <div
      className="grid-item"
    >
      <button
        onClick={[Function]}
        type="button"
      >
        .
      </button>
    </div>
    <div
      className="grid-item operator-item"
    >
      <button
        onClick={[Function]}
        type="button"
      >
        =
      </button>
    </div>
  </div>
</div>
`;
