// Jest Snapshot v1, https://goo.gl/fbAQLP

exports[`Quote component rendered 1`] = `
<div
  className="quote-body"
>
  <h4>
    Mathematics is not about numbers, equations, computations, or algorithms: it is about understanding. -William Paul Thurston
  </h4>
</div>
`;
